
> angular@0.0.0 start
> ng serve  --no-hmr --disable-host-check --port 3000 --host 0.0.0.0

Warning: Running a server with --disable-host-check is a security risk. See https://medium.com/webpack/webpack-dev-server-middleware-security-issues-1489d950874a for more information.
The "disableHostCheck" option will not be used because it is not supported by the "@angular-devkit/build-angular:application" builder.
❯ Building...
✔ Building...
Browser bundles     
Initial chunk files  | Names            |  Raw size
polyfills.js         | polyfills        |  90.20 kB | 
main.js              | main             |  38.70 kB | 
styles.css           | styles           |   1.02 kB | 

                     | Initial total    | 129.91 kB


Server bundles      
Initial chunk files  | Names            |  Raw size
polyfills.server.mjs | polyfills.server | 572.91 kB | 
chunk-KFVGSGEB.mjs   | -                |  39.12 kB | 
server.mjs           | server           |   1.39 kB | 
main.server.mjs      | main.server      | 800 bytes | 

Application bundle generation complete. [3.389 seconds]

Watch mode enabled. Watching for file changes...
NOTE: Raw file sizes do not reflect development server per-request transformations.
  ➜  Local:   http://localhost:3000/
  ➜  Network: http://172.17.0.2:3000/
Error loading notes: ReferenceError: ErrorEvent is not defined
    at RouterLink (/home/kavia/workspace/code-generation/notemaster-95522-b13423ec/notes_frontend/src/app/interceptors/error.interceptor.ts:13:34)
    at eval (/home/kavia/workspace/code-generation/notemaster-95522-b13423ec/notes_frontend/.angular/cache/19.2.1/angular/vite/deps_ssr/chunk-QHIWDXK3.js:2481:49)
    at OperatorSubscriber2.OperatorSubscriber2._this._error (/home/kavia/workspace/code-generation/notemaster-95522-b13423ec/notes_frontend/.angular/cache/19.2.1/angular/vite/deps_ssr/chunk-QHIWDXK3.js:1513:13)
    at OperatorSubscriber2.Subscriber2.error (/home/kavia/workspace/code-generation/notemaster-95522-b13423ec/notes_frontend/.angular/cache/19.2.1/angular/vite/deps_ssr/chunk-QHIWDXK3.js:517:16)
    at eval (/home/kavia/workspace/code-generation/notemaster-95522-b13423ec/notes_frontend/.angular/cache/19.2.1/angular/vite/deps_ssr/chunk-QHIWDXK3.js:6802:22)
    at OperatorSubscriber2.OperatorSubscriber2._this._error (/home/kavia/workspace/code-generation/notemaster-95522-b13423ec/notes_frontend/.angular/cache/19.2.1/angular/vite/deps_ssr/chunk-QHIWDXK3.js:1513:13)
    at OperatorSubscriber2.Subscriber2.error (/home/kavia/workspace/code-generation/notemaster-95522-b13423ec/notes_frontend/.angular/cache/19.2.1/angular/vite/deps_ssr/chunk-QHIWDXK3.js:517:16)
    at _FetchBackend.eval (/home/kavia/workspace/code-generation/notemaster-95522-b13423ec/notes_frontend/.angular/cache/19.2.1/angular/vite/deps_ssr/chunk-XQLUVCEK.js:1331:20)
    at Generator.next (<anonymous>)
    at fulfilled (/home/kavia/workspace/code-generation/notemaster-95522-b13423ec/notes_frontend/.angular/cache/19.2.1/angular/vite/deps_ssr/chunk-YHCV7DAQ.js:72:24)
Error loading notes: ReferenceError: ErrorEvent is not defined
    at RouterLink (/home/kavia/workspace/code-generation/notemaster-95522-b13423ec/notes_frontend/src/app/interceptors/error.interceptor.ts:13:34)
    at eval (/home/kavia/workspace/code-generation/notemaster-95522-b13423ec/notes_frontend/.angular/cache/19.2.1/angular/vite/deps_ssr/chunk-QHIWDXK3.js:2481:49)
    at OperatorSubscriber2.OperatorSubscriber2._this._error (/home/kavia/workspace/code-generation/notemaster-95522-b13423ec/notes_frontend/.angular/cache/19.2.1/angular/vite/deps_ssr/chunk-QHIWDXK3.js:1513:13)
    at OperatorSubscriber2.Subscriber2.error (/home/kavia/workspace/code-generation/notemaster-95522-b13423ec/notes_frontend/.angular/cache/19.2.1/angular/vite/deps_ssr/chunk-QHIWDXK3.js:517:16)
    at eval (/home/kavia/workspace/code-generation/notemaster-95522-b13423ec/notes_frontend/.angular/cache/19.2.1/angular/vite/deps_ssr/chunk-QHIWDXK3.js:6802:22)
    at OperatorSubscriber2.OperatorSubscriber2._this._error (/home/kavia/workspace/code-generation/notemaster-95522-b13423ec/notes_frontend/.angular/cache/19.2.1/angular/vite/deps_ssr/chunk-QHIWDXK3.js:1513:13)
    at OperatorSubscriber2.Subscriber2.error (/home/kavia/workspace/code-generation/notemaster-95522-b13423ec/notes_frontend/.angular/cache/19.2.1/angular/vite/deps_ssr/chunk-QHIWDXK3.js:517:16)
    at _FetchBackend.eval (/home/kavia/workspace/code-generation/notemaster-95522-b13423ec/notes_frontend/.angular/cache/19.2.1/angular/vite/deps_ssr/chunk-XQLUVCEK.js:1331:20)
    at Generator.next (<anonymous>)
    at fulfilled (/home/kavia/workspace/code-generation/notemaster-95522-b13423ec/notes_frontend/.angular/cache/19.2.1/angular/vite/deps_ssr/chunk-YHCV7DAQ.js:72:24)
❯ Changes detected. Rebuilding...
✔ Changes detected. Rebuilding...
Initial chunk files | Names  | Raw size
styles.css          | styles |  3.55 kB | 

Application bundle generation complete. [0.035 seconds]

Page reload sent to client(s).
❯ Changes detected. Rebuilding...
✔ Changes detected. Rebuilding...
Browser bundles    
Initial chunk files | Names       |  Raw size
main.js             | main        |  39.78 kB | 


Server bundles     
Initial chunk files | Names       |  Raw size
chunk-DNKR2VFX.mjs  | -           |  40.20 kB | 
server.mjs          | server      |   1.39 kB | 
main.server.mjs     | main.server | 800 bytes | 

Application bundle generation complete. [0.607 seconds]

Page reload sent to client(s).
❯ Changes detected. Rebuilding...
✔ Changes detected. Rebuilding...
Browser bundles    
Initial chunk files | Names       |  Raw size
main.js             | main        |  39.87 kB | 


Server bundles     
Initial chunk files | Names       |  Raw size
chunk-XTQKXBEZ.mjs  | -           |  40.29 kB | 
server.mjs          | server      |   1.39 kB | 
main.server.mjs     | main.server | 800 bytes | 

Application bundle generation complete. [0.310 seconds]

Page reload sent to client(s).
❯ Changes detected. Rebuilding...
✔ Changes detected. Rebuilding...
Browser bundles    
Initial chunk files | Names       |  Raw size
main.js             | main        |  41.79 kB | 


Server bundles     
Initial chunk files | Names       |  Raw size
chunk-T5HPYGP6.mjs  | -           |  42.20 kB | 
server.mjs          | server      |   1.39 kB | 
main.server.mjs     | main.server | 800 bytes | 

Application bundle generation complete. [0.378 seconds]

Page reload sent to client(s).
❯ Changes detected. Rebuilding...
✔ Changes detected. Rebuilding...
Browser bundles    
Initial chunk files | Names       |  Raw size
main.js             | main        |  43.71 kB | 


Server bundles     
Initial chunk files | Names       |  Raw size
chunk-V7EEDM5E.mjs  | -           |  44.12 kB | 
server.mjs          | server      |   1.39 kB | 
main.server.mjs     | main.server | 800 bytes | 

Application bundle generation complete. [0.271 seconds]

Page reload sent to client(s).
❯ Changes detected. Rebuilding...
✔ Changes detected. Rebuilding...
Browser bundles    
Initial chunk files | Names       |  Raw size
main.js             | main        |  46.10 kB | 


Server bundles     
Initial chunk files | Names       |  Raw size
chunk-K3VWUENV.mjs  | -           |  46.52 kB | 
server.mjs          | server      |   1.39 kB | 
main.server.mjs     | main.server | 800 bytes | 

Application bundle generation complete. [0.317 seconds]

Page reload sent to client(s).
